// Jest Snapshot v1, https://goo.gl/fbAQLP

exports[`Actions should dispatch action reset state 1`] = `
Array [
  Object {
    "type": "RESET_STATE",
  },
]
`;
